// Jest Snapshot v1, https://goo.gl/fbAQLP

exports[`<InputField /> should render like snapshot 1`] = `
Object {
  "asFragment": [Function],
  "baseElement": <body>
    <div>
      <div
        class="MuiFormControl-root MuiTextField-root sc-AxjAm xhCqm"
      >
        <div
          class="MuiInputBase-root MuiOutlinedInput-root MuiInputBase-formControl"
        >
          <input
            aria-invalid="false"
            class="MuiInputBase-input MuiOutlinedInput-input"
            type="text"
            value=""
          />
          <fieldset
            aria-hidden="true"
            class="PrivateNotchedOutline-root-1 MuiOutlinedInput-notchedOutline"
            style="padding-left: 8px;"
          >
            <legend
              class="PrivateNotchedOutline-legend-2"
              style="width: 0.01px;"
            >
              <span>
                ​
              </span>
            </legend>
          </fieldset>
        </div>
      </div>
    </div>
  </body>,
  "container": <div>
    <div
      class="MuiFormControl-root MuiTextField-root sc-AxjAm xhCqm"
    >
      <div
        class="MuiInputBase-root MuiOutlinedInput-root MuiInputBase-formControl"
      >
        <input
          aria-invalid="false"
          class="MuiInputBase-input MuiOutlinedInput-input"
          type="text"
          value=""
        />
        <fieldset
          aria-hidden="true"
          class="PrivateNotchedOutline-root-1 MuiOutlinedInput-notchedOutline"
          style="padding-left: 8px;"
        >
          <legend
            class="PrivateNotchedOutline-legend-2"
            style="width: 0.01px;"
          >
            <span>
              ​
            </span>
          </legend>
        </fieldset>
      </div>
    </div>
  </div>,
  "debug": [Function],
  "findAllByAltText": [Function],
  "findAllByDisplayValue": [Function],
  "findAllByLabelText": [Function],
  "findAllByPlaceholderText": [Function],
  "findAllByRole": [Function],
  "findAllByTestId": [Function],
  "findAllByText": [Function],
  "findAllByTitle": [Function],
  "findByAltText": [Function],
  "findByDisplayValue": [Function],
  "findByLabelText": [Function],
  "findByPlaceholderText": [Function],
  "findByRole": [Function],
  "findByTestId": [Function],
  "findByText": [Function],
  "findByTitle": [Function],
  "getAllByAltText": [Function],
  "getAllByDisplayValue": [Function],
  "getAllByLabelText": [Function],
  "getAllByPlaceholderText": [Function],
  "getAllByRole": [Function],
  "getAllByTestId": [Function],
  "getAllByText": [Function],
  "getAllByTitle": [Function],
  "getByAltText": [Function],
  "getByDisplayValue": [Function],
  "getByLabelText": [Function],
  "getByPlaceholderText": [Function],
  "getByRole": [Function],
  "getByTestId": [Function],
  "getByText": [Function],
  "getByTitle": [Function],
  "queryAllByAltText": [Function],
  "queryAllByDisplayValue": [Function],
  "queryAllByLabelText": [Function],
  "queryAllByPlaceholderText": [Function],
  "queryAllByRole": [Function],
  "queryAllByTestId": [Function],
  "queryAllByText": [Function],
  "queryAllByTitle": [Function],
  "queryByAltText": [Function],
  "queryByDisplayValue": [Function],
  "queryByLabelText": [Function],
  "queryByPlaceholderText": [Function],
  "queryByRole": [Function],
  "queryByTestId": [Function],
  "queryByText": [Function],
  "queryByTitle": [Function],
  "rerender": [Function],
  "unmount": [Function],
}
`;
