// Jest Snapshot v1, https://goo.gl/fbAQLP

exports[`<FavoriteCountryButton /> should render like snapshot 1`] = `
Object {
  "asFragment": [Function],
  "baseElement": <body>
    <div>
      <div
        class="MuiPaper-root MuiCard-root MuiPaper-outlined MuiPaper-rounded"
        data-testid="CountryInformationCard"
      >
        <div
          class="MuiCardHeader-root"
          data-testid="CountryInformationCardHeader"
        >
          <div
            class="MuiCardHeader-avatar"
          >
            <div
              aria-label="Country Information"
              class="MuiAvatar-root MuiAvatar-circle MuiAvatar-colorDefault"
            >
              <svg
                aria-hidden="true"
                class="MuiSvgIcon-root"
                focusable="false"
                viewBox="0 0 24 24"
              >
                <path
                  d="M12 2C6.48 2 2 6.48 2 12s4.48 10 10 10 10-4.48 10-10S17.52 2 12 2zm1 15h-2v-6h2v6zm0-8h-2V7h2v2z"
                />
              </svg>
            </div>
          </div>
          <div
            class="MuiCardHeader-content"
          >
            <span
              class="MuiTypography-root MuiCardHeader-title MuiTypography-body2 MuiTypography-displayBlock"
            >
              Information for
                
            </span>
          </div>
        </div>
        <div
          class="MuiCardContent-root"
          data-testid="CountryInformationCardContent"
        >
          
          
          
          0
        </div>
      </div>
    </div>
  </body>,
  "container": <div>
    <div
      class="MuiPaper-root MuiCard-root MuiPaper-outlined MuiPaper-rounded"
      data-testid="CountryInformationCard"
    >
      <div
        class="MuiCardHeader-root"
        data-testid="CountryInformationCardHeader"
      >
        <div
          class="MuiCardHeader-avatar"
        >
          <div
            aria-label="Country Information"
            class="MuiAvatar-root MuiAvatar-circle MuiAvatar-colorDefault"
          >
            <svg
              aria-hidden="true"
              class="MuiSvgIcon-root"
              focusable="false"
              viewBox="0 0 24 24"
            >
              <path
                d="M12 2C6.48 2 2 6.48 2 12s4.48 10 10 10 10-4.48 10-10S17.52 2 12 2zm1 15h-2v-6h2v6zm0-8h-2V7h2v2z"
              />
            </svg>
          </div>
        </div>
        <div
          class="MuiCardHeader-content"
        >
          <span
            class="MuiTypography-root MuiCardHeader-title MuiTypography-body2 MuiTypography-displayBlock"
          >
            Information for
                
          </span>
        </div>
      </div>
      <div
        class="MuiCardContent-root"
        data-testid="CountryInformationCardContent"
      >
        
        
        
        0
      </div>
    </div>
  </div>,
  "debug": [Function],
  "findAllByAltText": [Function],
  "findAllByDisplayValue": [Function],
  "findAllByLabelText": [Function],
  "findAllByPlaceholderText": [Function],
  "findAllByRole": [Function],
  "findAllByTestId": [Function],
  "findAllByText": [Function],
  "findAllByTitle": [Function],
  "findByAltText": [Function],
  "findByDisplayValue": [Function],
  "findByLabelText": [Function],
  "findByPlaceholderText": [Function],
  "findByRole": [Function],
  "findByTestId": [Function],
  "findByText": [Function],
  "findByTitle": [Function],
  "getAllByAltText": [Function],
  "getAllByDisplayValue": [Function],
  "getAllByLabelText": [Function],
  "getAllByPlaceholderText": [Function],
  "getAllByRole": [Function],
  "getAllByTestId": [Function],
  "getAllByText": [Function],
  "getAllByTitle": [Function],
  "getByAltText": [Function],
  "getByDisplayValue": [Function],
  "getByLabelText": [Function],
  "getByPlaceholderText": [Function],
  "getByRole": [Function],
  "getByTestId": [Function],
  "getByText": [Function],
  "getByTitle": [Function],
  "queryAllByAltText": [Function],
  "queryAllByDisplayValue": [Function],
  "queryAllByLabelText": [Function],
  "queryAllByPlaceholderText": [Function],
  "queryAllByRole": [Function],
  "queryAllByTestId": [Function],
  "queryAllByText": [Function],
  "queryAllByTitle": [Function],
  "queryByAltText": [Function],
  "queryByDisplayValue": [Function],
  "queryByLabelText": [Function],
  "queryByPlaceholderText": [Function],
  "queryByRole": [Function],
  "queryByTestId": [Function],
  "queryByText": [Function],
  "queryByTitle": [Function],
  "rerender": [Function],
  "unmount": [Function],
}
`;
