// Jest Snapshot v1, https://goo.gl/fbAQLP

exports[`<Drawer /> should render like snapshot 1`] = `
Object {
  "asFragment": [Function],
  "baseElement": <body>
    <div>
      <div
        class="sc-AxhUy hRJRFd"
        data-testid="ClickIndicator"
      >
        <svg
          aria-hidden="true"
          class="MuiSvgIcon-root sc-AxgMl eAPdQb"
          data-testid="SwipeIndicatorInnerUp"
          focusable="false"
          viewBox="0 0 24 24"
        >
          <path
            d="M7 14l5-5 5 5z"
          />
        </svg>
      </div>
      <div
        class="sc-AxiKw boTYJG"
        data-testid="drawer"
      >
        <div
          class="sc-AxirZ evChcC"
          data-testid="handleBar"
        >
          <div
            class="sc-AxhCb gvnvGs"
            data-testid="swipeIndicator"
          >
            <svg
              aria-hidden="true"
              class="MuiSvgIcon-root sc-AxgMl eAPdQb"
              data-testid="SwipeIndicatorInner"
              focusable="false"
              viewBox="0 0 24 24"
            >
              <path
                d="M7 14l5-5 5 5z"
              />
            </svg>
          </div>
        </div>
        <div
          class="PrivateSwipeArea-root-1 PrivateSwipeArea-anchorBottom-5"
          style="height: 20px;"
        />
      </div>
    </div>
  </body>,
  "container": <div>
    <div
      class="sc-AxhUy hRJRFd"
      data-testid="ClickIndicator"
    >
      <svg
        aria-hidden="true"
        class="MuiSvgIcon-root sc-AxgMl eAPdQb"
        data-testid="SwipeIndicatorInnerUp"
        focusable="false"
        viewBox="0 0 24 24"
      >
        <path
          d="M7 14l5-5 5 5z"
        />
      </svg>
    </div>
    <div
      class="sc-AxiKw boTYJG"
      data-testid="drawer"
    >
      <div
        class="sc-AxirZ evChcC"
        data-testid="handleBar"
      >
        <div
          class="sc-AxhCb gvnvGs"
          data-testid="swipeIndicator"
        >
          <svg
            aria-hidden="true"
            class="MuiSvgIcon-root sc-AxgMl eAPdQb"
            data-testid="SwipeIndicatorInner"
            focusable="false"
            viewBox="0 0 24 24"
          >
            <path
              d="M7 14l5-5 5 5z"
            />
          </svg>
        </div>
      </div>
      <div
        class="PrivateSwipeArea-root-1 PrivateSwipeArea-anchorBottom-5"
        style="height: 20px;"
      />
    </div>
  </div>,
  "debug": [Function],
  "findAllByAltText": [Function],
  "findAllByDisplayValue": [Function],
  "findAllByLabelText": [Function],
  "findAllByPlaceholderText": [Function],
  "findAllByRole": [Function],
  "findAllByTestId": [Function],
  "findAllByText": [Function],
  "findAllByTitle": [Function],
  "findByAltText": [Function],
  "findByDisplayValue": [Function],
  "findByLabelText": [Function],
  "findByPlaceholderText": [Function],
  "findByRole": [Function],
  "findByTestId": [Function],
  "findByText": [Function],
  "findByTitle": [Function],
  "getAllByAltText": [Function],
  "getAllByDisplayValue": [Function],
  "getAllByLabelText": [Function],
  "getAllByPlaceholderText": [Function],
  "getAllByRole": [Function],
  "getAllByTestId": [Function],
  "getAllByText": [Function],
  "getAllByTitle": [Function],
  "getByAltText": [Function],
  "getByDisplayValue": [Function],
  "getByLabelText": [Function],
  "getByPlaceholderText": [Function],
  "getByRole": [Function],
  "getByTestId": [Function],
  "getByText": [Function],
  "getByTitle": [Function],
  "queryAllByAltText": [Function],
  "queryAllByDisplayValue": [Function],
  "queryAllByLabelText": [Function],
  "queryAllByPlaceholderText": [Function],
  "queryAllByRole": [Function],
  "queryAllByTestId": [Function],
  "queryAllByText": [Function],
  "queryAllByTitle": [Function],
  "queryByAltText": [Function],
  "queryByDisplayValue": [Function],
  "queryByLabelText": [Function],
  "queryByPlaceholderText": [Function],
  "queryByRole": [Function],
  "queryByTestId": [Function],
  "queryByText": [Function],
  "queryByTitle": [Function],
  "rerender": [Function],
  "unmount": [Function],
}
`;
