// Jest Snapshot v1, https://goo.gl/fbAQLP

exports[`<ListItem /> should render like snapshot 1`] = `
Object {
  "asFragment": [Function],
  "baseElement": <body>
    <div>
      <div
        aria-disabled="false"
        class="MuiButtonBase-root MuiListItem-root MuiListItem-gutters MuiListItem-button"
        data-testid="CountriesListItem"
        role="button"
        tabindex="0"
      >
        <div
          class="MuiListItemIcon-root"
          data-testid="CountriesListItemIcon"
        >
          <img
            alt=""
            height="20"
            src=""
            width="30"
          />
        </div>
        <div
          class="MuiListItemText-root"
          data-testid="CountriesListItemText"
        >
          <span
            class="MuiTypography-root MuiListItemText-primary MuiTypography-body1 MuiTypography-displayBlock"
          />
        </div>
        <span
          class="MuiTouchRipple-root"
        />
      </div>
    </div>
  </body>,
  "container": <div>
    <div
      aria-disabled="false"
      class="MuiButtonBase-root MuiListItem-root MuiListItem-gutters MuiListItem-button"
      data-testid="CountriesListItem"
      role="button"
      tabindex="0"
    >
      <div
        class="MuiListItemIcon-root"
        data-testid="CountriesListItemIcon"
      >
        <img
          alt=""
          height="20"
          src=""
          width="30"
        />
      </div>
      <div
        class="MuiListItemText-root"
        data-testid="CountriesListItemText"
      >
        <span
          class="MuiTypography-root MuiListItemText-primary MuiTypography-body1 MuiTypography-displayBlock"
        />
      </div>
      <span
        class="MuiTouchRipple-root"
      />
    </div>
  </div>,
  "debug": [Function],
  "findAllByAltText": [Function],
  "findAllByDisplayValue": [Function],
  "findAllByLabelText": [Function],
  "findAllByPlaceholderText": [Function],
  "findAllByRole": [Function],
  "findAllByTestId": [Function],
  "findAllByText": [Function],
  "findAllByTitle": [Function],
  "findByAltText": [Function],
  "findByDisplayValue": [Function],
  "findByLabelText": [Function],
  "findByPlaceholderText": [Function],
  "findByRole": [Function],
  "findByTestId": [Function],
  "findByText": [Function],
  "findByTitle": [Function],
  "getAllByAltText": [Function],
  "getAllByDisplayValue": [Function],
  "getAllByLabelText": [Function],
  "getAllByPlaceholderText": [Function],
  "getAllByRole": [Function],
  "getAllByTestId": [Function],
  "getAllByText": [Function],
  "getAllByTitle": [Function],
  "getByAltText": [Function],
  "getByDisplayValue": [Function],
  "getByLabelText": [Function],
  "getByPlaceholderText": [Function],
  "getByRole": [Function],
  "getByTestId": [Function],
  "getByText": [Function],
  "getByTitle": [Function],
  "queryAllByAltText": [Function],
  "queryAllByDisplayValue": [Function],
  "queryAllByLabelText": [Function],
  "queryAllByPlaceholderText": [Function],
  "queryAllByRole": [Function],
  "queryAllByTestId": [Function],
  "queryAllByText": [Function],
  "queryAllByTitle": [Function],
  "queryByAltText": [Function],
  "queryByDisplayValue": [Function],
  "queryByLabelText": [Function],
  "queryByPlaceholderText": [Function],
  "queryByRole": [Function],
  "queryByTestId": [Function],
  "queryByText": [Function],
  "queryByTitle": [Function],
  "rerender": [Function],
  "unmount": [Function],
}
`;
