// Jest Snapshot v1, https://goo.gl/fbAQLP

exports[`<LoaderWrapper /> should render and match the snapshot 1`] = `
.c0 {
  z-index: 1600;
  position: absolute;
  height: 100%;
  width: 100%;
  display: -webkit-box;
  display: -webkit-flex;
  display: -ms-flexbox;
  display: flex;
  -webkit-align-items: center;
  -webkit-box-align: center;
  -ms-flex-align: center;
  align-items: center;
  -webkit-box-pack: center;
  -webkit-justify-content: center;
  -ms-flex-pack: center;
  justify-content: center;
}

<div
  class="c0"
/>
`;
