// Jest Snapshot v1, https://goo.gl/fbAQLP

exports[`<MenuList /> should render like snapshot 1`] = `
<div
  className="sc-AxirZ kNDIFW"
/>
`;
