// Jest Snapshot v1, https://goo.gl/fbAQLP

exports[`<DrawerCountryContent /> should render like snapshot 1`] = `
Object {
  "asFragment": [Function],
  "baseElement": <body>
    <div>
      <div
        class="MuiPaper-root MuiCard-root sc-AxirZ kNDIFW MuiPaper-outlined MuiPaper-rounded"
      >
        <div
          class="sc-AxjAm hsTYAM"
          data-testid="inlineLoader"
        >
          <div
            class="MuiCircularProgress-root MuiCircularProgress-indeterminate"
            role="progressbar"
            style="width: 40px; height: 40px;"
          >
            <svg
              class="MuiCircularProgress-svg"
              viewBox="22 22 44 44"
            >
              <circle
                class="MuiCircularProgress-circle MuiCircularProgress-circleIndeterminate"
                cx="44"
                cy="44"
                fill="none"
                r="20.2"
                stroke-width="3.6"
              />
            </svg>
          </div>
        </div>
        <div
          class="MuiCardHeader-root"
        >
          <div
            class="MuiCardHeader-avatar"
          >
            <div
              aria-label="country"
              class="MuiAvatar-root MuiAvatar-circle MuiAvatar-colorDefault"
            >
              <svg
                aria-hidden="true"
                class="MuiSvgIcon-root"
                focusable="false"
                viewBox="0 0 24 24"
              >
                <path
                  d="M1 21h22L12 2 1 21zm12-3h-2v-2h2v2zm0-4h-2v-4h2v4z"
                />
              </svg>
            </div>
          </div>
          <div
            class="MuiCardHeader-content"
          >
            <span
              class="MuiTypography-root MuiCardHeader-title MuiTypography-body2 MuiTypography-displayBlock"
            >
              Advisory for
                
            </span>
          </div>
        </div>
        <div
          class="MuiCardContent-root"
        >
          <p
            class="MuiTypography-root MuiTypography-body1"
          />
        </div>
      </div>
    </div>
  </body>,
  "container": <div>
    <div
      class="MuiPaper-root MuiCard-root sc-AxirZ kNDIFW MuiPaper-outlined MuiPaper-rounded"
    >
      <div
        class="sc-AxjAm hsTYAM"
        data-testid="inlineLoader"
      >
        <div
          class="MuiCircularProgress-root MuiCircularProgress-indeterminate"
          role="progressbar"
          style="width: 40px; height: 40px;"
        >
          <svg
            class="MuiCircularProgress-svg"
            viewBox="22 22 44 44"
          >
            <circle
              class="MuiCircularProgress-circle MuiCircularProgress-circleIndeterminate"
              cx="44"
              cy="44"
              fill="none"
              r="20.2"
              stroke-width="3.6"
            />
          </svg>
        </div>
      </div>
      <div
        class="MuiCardHeader-root"
      >
        <div
          class="MuiCardHeader-avatar"
        >
          <div
            aria-label="country"
            class="MuiAvatar-root MuiAvatar-circle MuiAvatar-colorDefault"
          >
            <svg
              aria-hidden="true"
              class="MuiSvgIcon-root"
              focusable="false"
              viewBox="0 0 24 24"
            >
              <path
                d="M1 21h22L12 2 1 21zm12-3h-2v-2h2v2zm0-4h-2v-4h2v4z"
              />
            </svg>
          </div>
        </div>
        <div
          class="MuiCardHeader-content"
        >
          <span
            class="MuiTypography-root MuiCardHeader-title MuiTypography-body2 MuiTypography-displayBlock"
          >
            Advisory for
                
          </span>
        </div>
      </div>
      <div
        class="MuiCardContent-root"
      >
        <p
          class="MuiTypography-root MuiTypography-body1"
        />
      </div>
    </div>
  </div>,
  "debug": [Function],
  "findAllByAltText": [Function],
  "findAllByDisplayValue": [Function],
  "findAllByLabelText": [Function],
  "findAllByPlaceholderText": [Function],
  "findAllByRole": [Function],
  "findAllByTestId": [Function],
  "findAllByText": [Function],
  "findAllByTitle": [Function],
  "findByAltText": [Function],
  "findByDisplayValue": [Function],
  "findByLabelText": [Function],
  "findByPlaceholderText": [Function],
  "findByRole": [Function],
  "findByTestId": [Function],
  "findByText": [Function],
  "findByTitle": [Function],
  "getAllByAltText": [Function],
  "getAllByDisplayValue": [Function],
  "getAllByLabelText": [Function],
  "getAllByPlaceholderText": [Function],
  "getAllByRole": [Function],
  "getAllByTestId": [Function],
  "getAllByText": [Function],
  "getAllByTitle": [Function],
  "getByAltText": [Function],
  "getByDisplayValue": [Function],
  "getByLabelText": [Function],
  "getByPlaceholderText": [Function],
  "getByRole": [Function],
  "getByTestId": [Function],
  "getByText": [Function],
  "getByTitle": [Function],
  "queryAllByAltText": [Function],
  "queryAllByDisplayValue": [Function],
  "queryAllByLabelText": [Function],
  "queryAllByPlaceholderText": [Function],
  "queryAllByRole": [Function],
  "queryAllByTestId": [Function],
  "queryAllByText": [Function],
  "queryAllByTitle": [Function],
  "queryByAltText": [Function],
  "queryByDisplayValue": [Function],
  "queryByLabelText": [Function],
  "queryByPlaceholderText": [Function],
  "queryByRole": [Function],
  "queryByTestId": [Function],
  "queryByText": [Function],
  "queryByTitle": [Function],
  "rerender": [Function],
  "unmount": [Function],
}
`;
