// Jest Snapshot v1, https://goo.gl/fbAQLP

exports[`<GoogleLogoutWrapper /> should render and match the snapshot 1`] = `
.c0 {
  position: relative;
}

<div
  class="c0"
/>
`;
