// Jest Snapshot v1, https://goo.gl/fbAQLP

exports[`<InlineLoader /> should render like snapshot 1`] = `
<div
  className="sc-AxjAm hsTYAM"
>
  <div
    className="MuiCircularProgress-root MuiCircularProgress-indeterminate"
    role="progressbar"
    style={
      Object {
        "height": 40,
        "width": 40,
      }
    }
  >
    <svg
      className="MuiCircularProgress-svg"
      viewBox="22 22 44 44"
    >
      <circle
        className="MuiCircularProgress-circle MuiCircularProgress-circleIndeterminate"
        cx={44}
        cy={44}
        fill="none"
        r={20.2}
        strokeWidth={3.6}
        style={Object {}}
      />
    </svg>
  </div>
</div>
`;
