// Jest Snapshot v1, https://goo.gl/fbAQLP

exports[`<GoogleLogoutButton /> should render like snapshot 1`] = `null`;
