// Jest Snapshot v1, https://goo.gl/fbAQLP

exports[`<GoogleLoginButton /> should render like snapshot 1`] = `
Object {
  "asFragment": [Function],
  "baseElement": <body>
    <div>
      <span
        class="MuiSwitch-root"
      >
        <span
          aria-disabled="false"
          class="MuiButtonBase-root MuiIconButton-root PrivateSwitchBase-root-1 MuiSwitch-switchBase"
        >
          <span
            class="MuiIconButton-label"
          >
            <input
              aria-label="Theme switcher"
              class="PrivateSwitchBase-input-4 MuiSwitch-input"
              type="checkbox"
              value=""
            />
            <span
              class="MuiSwitch-thumb"
            />
          </span>
          <span
            class="MuiTouchRipple-root"
          />
        </span>
        <span
          class="MuiSwitch-track"
        />
      </span>
    </div>
  </body>,
  "container": <div>
    <span
      class="MuiSwitch-root"
    >
      <span
        aria-disabled="false"
        class="MuiButtonBase-root MuiIconButton-root PrivateSwitchBase-root-1 MuiSwitch-switchBase"
      >
        <span
          class="MuiIconButton-label"
        >
          <input
            aria-label="Theme switcher"
            class="PrivateSwitchBase-input-4 MuiSwitch-input"
            type="checkbox"
            value=""
          />
          <span
            class="MuiSwitch-thumb"
          />
        </span>
        <span
          class="MuiTouchRipple-root"
        />
      </span>
      <span
        class="MuiSwitch-track"
      />
    </span>
  </div>,
  "debug": [Function],
  "findAllByAltText": [Function],
  "findAllByDisplayValue": [Function],
  "findAllByLabelText": [Function],
  "findAllByPlaceholderText": [Function],
  "findAllByRole": [Function],
  "findAllByTestId": [Function],
  "findAllByText": [Function],
  "findAllByTitle": [Function],
  "findByAltText": [Function],
  "findByDisplayValue": [Function],
  "findByLabelText": [Function],
  "findByPlaceholderText": [Function],
  "findByRole": [Function],
  "findByTestId": [Function],
  "findByText": [Function],
  "findByTitle": [Function],
  "getAllByAltText": [Function],
  "getAllByDisplayValue": [Function],
  "getAllByLabelText": [Function],
  "getAllByPlaceholderText": [Function],
  "getAllByRole": [Function],
  "getAllByTestId": [Function],
  "getAllByText": [Function],
  "getAllByTitle": [Function],
  "getByAltText": [Function],
  "getByDisplayValue": [Function],
  "getByLabelText": [Function],
  "getByPlaceholderText": [Function],
  "getByRole": [Function],
  "getByTestId": [Function],
  "getByText": [Function],
  "getByTitle": [Function],
  "queryAllByAltText": [Function],
  "queryAllByDisplayValue": [Function],
  "queryAllByLabelText": [Function],
  "queryAllByPlaceholderText": [Function],
  "queryAllByRole": [Function],
  "queryAllByTestId": [Function],
  "queryAllByText": [Function],
  "queryAllByTitle": [Function],
  "queryByAltText": [Function],
  "queryByDisplayValue": [Function],
  "queryByLabelText": [Function],
  "queryByPlaceholderText": [Function],
  "queryByRole": [Function],
  "queryByTestId": [Function],
  "queryByText": [Function],
  "queryByTitle": [Function],
  "rerender": [Function],
  "unmount": [Function],
}
`;
