// Jest Snapshot v1, https://goo.gl/fbAQLP

exports[`<GoogleLoginButton /> should render like snapshot 1`] = `null`;
