// Jest Snapshot v1, https://goo.gl/fbAQLP

exports[`<BackdropStyled /> should render and match the snapshot 1`] = `
.c0 {
  z-index: 1400;
}

<div
  aria-hidden="true"
  class="MuiBackdrop-root c0"
  style="opacity: 1; webkit-transition: opacity 225ms cubic-bezier(0.4, 0, 0.2, 1) 0ms; transition: opacity 225ms cubic-bezier(0.4, 0, 0.2, 1) 0ms;"
/>
`;
