// Jest Snapshot v1, https://goo.gl/fbAQLP

exports[`<SearchField /> should render like snapshot 1`] = `<form />`;
