// Jest Snapshot v1, https://goo.gl/fbAQLP

exports[`<FavoriteCountryButton /> should render like snapshot 1`] = `
<div
  className="MuiPaper-root MuiCard-root MuiPaper-outlined MuiPaper-rounded"
>
  <div
    className="MuiCardHeader-root"
  >
    <div
      className="MuiCardHeader-avatar"
    >
      <div
        aria-label="homePage:countryAdvisor.countryInformation"
        className="MuiAvatar-root MuiAvatar-circle MuiAvatar-colorDefault"
      >
        <svg
          aria-hidden={true}
          className="MuiSvgIcon-root"
          focusable="false"
          viewBox="0 0 24 24"
        >
          <path
            d="M12 2C6.48 2 2 6.48 2 12s4.48 10 10 10 10-4.48 10-10S17.52 2 12 2zm1 15h-2v-6h2v6zm0-8h-2V7h2v2z"
          />
        </svg>
      </div>
    </div>
    <div
      className="MuiCardHeader-content"
    >
      <span
        className="MuiTypography-root MuiCardHeader-title MuiTypography-body2 MuiTypography-displayBlock"
      >
        homePage:countryAdvisor.advisoryTitle
                undefined
      </span>
    </div>
  </div>
  <div
    className="MuiCardContent-root"
  >
    
    
    
    
    0
    <p
      className="MuiTypography-root MuiTypography-body1"
    >
      <strong>
        homePage:countryInformation.languages
        :
      </strong>
        undefined(undefined)
    </p>
    <p
      className="MuiTypography-root MuiTypography-body1"
    >
      <strong>
        homePage:countryInformation.currencies
        :
      </strong>
        undefined(undefined)
    </p>
  </div>
</div>
`;
