// Jest Snapshot v1, https://goo.gl/fbAQLP

exports[`<LanguageSwitcherWrapper /> should render and match the snapshot 1`] = `
.c0 {
  position: relative;
  width: 100%;
}

<div
  class="c0"
/>
`;

exports[`<SelectStyled /> should render and match the snapshot 1`] = `
.c0 .MuiPopover-root {
  z-index: 1400 !important;
}

<div
  class="MuiInputBase-root MuiInput-root MuiInput-underline c0"
>
  <div
    aria-haspopup="listbox"
    class="MuiSelect-root MuiSelect-select MuiSelect-selectMenu MuiInputBase-input MuiInput-input"
    role="button"
    tabindex="0"
  >
    <span>
      â€‹
    </span>
  </div>
  <input
    aria-hidden="true"
    class="MuiSelect-nativeInput"
    tabindex="-1"
    value=""
  />
  <svg
    aria-hidden="true"
    class="MuiSvgIcon-root MuiSelect-icon"
    focusable="false"
    viewBox="0 0 24 24"
  >
    <path
      d="M7 10l5 5 5-5z"
    />
  </svg>
</div>
`;
