// Jest Snapshot v1, https://goo.gl/fbAQLP

exports[`<ErrorPageDiv /> should render and match the snapshot 1`] = `
.c0 {
  height: 100vh;
  display: -webkit-box;
  display: -webkit-flex;
  display: -ms-flexbox;
  display: flex;
  -webkit-flex-direction: column;
  -ms-flex-direction: column;
  flex-direction: column;
  -webkit-box-pack: center;
  -webkit-justify-content: center;
  -ms-flex-pack: center;
  justify-content: center;
  -webkit-align-items: center;
  -webkit-box-align: center;
  -ms-flex-align: center;
  align-items: center;
}

<div
  class="c0"
/>
`;

exports[`<StyledTypographyTitle /> should render and match the snapshot 1`] = `
.c0 {
  font-size: 1.6rem;
  font-weight: bold;
}

<p
  class="MuiTypography-root c0 MuiTypography-body1"
/>
`;
