// Jest Snapshot v1, https://goo.gl/fbAQLP

exports[`<ListStyled /> should render and match the snapshot 1`] = `
.c0 {
  height: 100%;
  display: -webkit-box;
  display: -webkit-flex;
  display: -ms-flexbox;
  display: flex;
  -webkit-flex-direction: column;
  -ms-flex-direction: column;
  flex-direction: column;
}

<ul
  class="MuiList-root c0 MuiList-padding"
/>
`;
