// Jest Snapshot v1, https://goo.gl/fbAQLP

exports[`<ErrorSnackbars /> should render like snapshot 1`] = `null`;
