// Jest Snapshot v1, https://goo.gl/fbAQLP

exports[`<HomePage /> should render like snapshot 1`] = `
Object {
  "asFragment": [Function],
  "baseElement": <body>
    <div>
      <div
        data-testid="HomePage"
      >
        <div
          class="sc-fzoLag SLPgS"
          data-testid="TopBar"
        >
          <button
            aria-label="open drawer"
            class="MuiButtonBase-root MuiIconButton-root sc-fznyAO cWfjdE MuiIconButton-colorInherit MuiIconButton-edgeStart"
            data-testid="IconButtonStyled"
            tabindex="0"
            type="button"
          >
            <span
              class="MuiIconButton-label"
            >
              <svg
                aria-hidden="true"
                class="MuiSvgIcon-root"
                focusable="false"
                viewBox="0 0 24 24"
              >
                <path
                  d="M3 18h18v-2H3v2zm0-5h18v-2H3v2zm0-7v2h18V6H3z"
                />
              </svg>
            </span>
            <span
              class="MuiTouchRipple-root"
            />
          </button>
          <div
            class="sc-fzoXzr IxHii"
            data-testid="SearchFieldWrapper"
            role="button"
            tabindex="0"
          >
            <form>
              <div
                class="MuiFormControl-root MuiTextField-root sc-fzozJi hWuMcr sc-fzoLsD lgrigy"
              >
                <div
                  class="MuiInputBase-root MuiOutlinedInput-root MuiInputBase-formControl"
                >
                  <input
                    aria-invalid="false"
                    class="MuiInputBase-input MuiOutlinedInput-input"
                    placeholder="search"
                    type="text"
                    value=""
                  />
                  <fieldset
                    aria-hidden="true"
                    class="PrivateNotchedOutline-root-1 MuiOutlinedInput-notchedOutline"
                    style="padding-left: 8px;"
                  >
                    <legend
                      class="PrivateNotchedOutline-legend-2"
                      style="width: 0.01px;"
                    >
                      <span>
                        ​
                      </span>
                    </legend>
                  </fieldset>
                </div>
              </div>
            </form>
          </div>
        </div>
        <div
          class="sc-AxmLO fGDwgL"
          data-testid="CountriesList"
          style="opacity: 0; visibility: hidden;"
        >
          <div
            class="sc-Axmtr kQOpxN"
            data-testid="inlineLoader"
          >
            <div
              class="MuiCircularProgress-root MuiCircularProgress-indeterminate"
              role="progressbar"
              style="width: 40px; height: 40px;"
            >
              <svg
                class="MuiCircularProgress-svg"
                viewBox="22 22 44 44"
              >
                <circle
                  class="MuiCircularProgress-circle MuiCircularProgress-circleIndeterminate"
                  cx="44"
                  cy="44"
                  fill="none"
                  r="20.2"
                  stroke-width="3.6"
                />
              </svg>
            </div>
          </div>
        </div>
        <div
          class="sc-fzpmMD bMrmBP leaflet-container leaflet-grab leaflet-touch-drag"
          style="position: relative;"
          tabindex="0"
        >
          <div
            class="leaflet-pane leaflet-map-pane"
            style="left: 0px; top: 0px;"
          >
            <div
              class="leaflet-pane leaflet-tile-pane"
            >
              <div
                class="leaflet-layer "
                style="z-index: 1;"
              >
                <div
                  class="leaflet-tile-container leaflet-zoom-animated"
                  style="z-index: 18; left: 0px; top: 0px;"
                >
                  <img
                    alt=""
                    class="leaflet-tile"
                    role="presentation"
                    src="https://maps.wikimedia.org/osm-intl/6/31/31.png"
                    style="width: 256px; height: 256px; left: -256px; top: -256px;"
                  />
                  <img
                    alt=""
                    class="leaflet-tile"
                    role="presentation"
                    src="https://maps.wikimedia.org/osm-intl/6/32/31.png"
                    style="width: 256px; height: 256px; left: 0px; top: -256px;"
                  />
                  <img
                    alt=""
                    class="leaflet-tile"
                    role="presentation"
                    src="https://maps.wikimedia.org/osm-intl/6/31/32.png"
                    style="width: 256px; height: 256px; left: -256px; top: 0px;"
                  />
                  <img
                    alt=""
                    class="leaflet-tile"
                    role="presentation"
                    src="https://maps.wikimedia.org/osm-intl/6/32/32.png"
                    style="width: 256px; height: 256px; left: 0px; top: 0px;"
                  />
                </div>
              </div>
            </div>
            <div
              class="leaflet-pane leaflet-shadow-pane"
            >
              <img
                alt=""
                class="leaflet-marker-shadow leaflet-zoom-hide"
                src="marker-shadow.png"
                style="margin-left: -12px; margin-top: -41px; width: 41px; height: 41px; left: 0px; top: 0px;"
              />
            </div>
            <div
              class="leaflet-pane leaflet-overlay-pane"
            />
            <div
              class="leaflet-pane leaflet-marker-pane"
            >
              <img
                alt=""
                class="leaflet-marker-icon leaflet-zoom-hide leaflet-interactive"
                src="marker-icon.png"
                style="margin-left: -12px; margin-top: -41px; width: 25px; height: 41px; left: 0px; top: 0px; z-index: 0;"
                tabindex="0"
              />
            </div>
            <div
              class="leaflet-pane leaflet-tooltip-pane"
            />
            <div
              class="leaflet-pane leaflet-popup-pane"
            />
          </div>
          <div
            class="leaflet-control-container"
          >
            <div
              class="leaflet-top leaflet-left"
            />
            <div
              class="leaflet-top leaflet-right"
            />
            <div
              class="leaflet-bottom leaflet-left"
            />
            <div
              class="leaflet-bottom leaflet-right"
            >
              <div
                class="leaflet-control-attribution leaflet-control"
              >
                <a
                  href="https://leafletjs.com"
                  title="A JS library for interactive maps"
                >
                  Leaflet
                </a>
                 | © 
                <a
                  href="http://osm.org/copyright"
                >
                  OpenStreetMap
                </a>
                 contributors
              </div>
            </div>
          </div>
        </div>
        <div
          class="sc-AxhUy laGaXi"
          data-testid="ClickIndicator"
        >
          <svg
            aria-hidden="true"
            class="MuiSvgIcon-root sc-AxgMl eAPdQb"
            data-testid="SwipeIndicatorInnerUp"
            focusable="false"
            viewBox="0 0 24 24"
          >
            <path
              d="M7 14l5-5 5 5z"
            />
          </svg>
        </div>
        <div
          class="sc-AxiKw boTYJG"
          data-testid="drawer"
        >
          <div
            class="sc-AxirZ evChcC"
            data-testid="handleBar"
          >
            <div
              class="sc-AxhCb gvnvGs"
              data-testid="swipeIndicator"
            >
              <svg
                aria-hidden="true"
                class="MuiSvgIcon-root sc-AxgMl eAPdQb"
                data-testid="SwipeIndicatorInner"
                focusable="false"
                viewBox="0 0 24 24"
              >
                <path
                  d="M7 14l5-5 5 5z"
                />
              </svg>
            </div>
          </div>
          <div
            class="PrivateSwipeArea-root-5 PrivateSwipeArea-anchorBottom-9"
            style="height: 20px;"
          />
        </div>
      </div>
    </div>
  </body>,
  "container": <div>
    <div
      data-testid="HomePage"
    >
      <div
        class="sc-fzoLag SLPgS"
        data-testid="TopBar"
      >
        <button
          aria-label="open drawer"
          class="MuiButtonBase-root MuiIconButton-root sc-fznyAO cWfjdE MuiIconButton-colorInherit MuiIconButton-edgeStart"
          data-testid="IconButtonStyled"
          tabindex="0"
          type="button"
        >
          <span
            class="MuiIconButton-label"
          >
            <svg
              aria-hidden="true"
              class="MuiSvgIcon-root"
              focusable="false"
              viewBox="0 0 24 24"
            >
              <path
                d="M3 18h18v-2H3v2zm0-5h18v-2H3v2zm0-7v2h18V6H3z"
              />
            </svg>
          </span>
          <span
            class="MuiTouchRipple-root"
          />
        </button>
        <div
          class="sc-fzoXzr IxHii"
          data-testid="SearchFieldWrapper"
          role="button"
          tabindex="0"
        >
          <form>
            <div
              class="MuiFormControl-root MuiTextField-root sc-fzozJi hWuMcr sc-fzoLsD lgrigy"
            >
              <div
                class="MuiInputBase-root MuiOutlinedInput-root MuiInputBase-formControl"
              >
                <input
                  aria-invalid="false"
                  class="MuiInputBase-input MuiOutlinedInput-input"
                  placeholder="search"
                  type="text"
                  value=""
                />
                <fieldset
                  aria-hidden="true"
                  class="PrivateNotchedOutline-root-1 MuiOutlinedInput-notchedOutline"
                  style="padding-left: 8px;"
                >
                  <legend
                    class="PrivateNotchedOutline-legend-2"
                    style="width: 0.01px;"
                  >
                    <span>
                      ​
                    </span>
                  </legend>
                </fieldset>
              </div>
            </div>
          </form>
        </div>
      </div>
      <div
        class="sc-AxmLO fGDwgL"
        data-testid="CountriesList"
        style="opacity: 0; visibility: hidden;"
      >
        <div
          class="sc-Axmtr kQOpxN"
          data-testid="inlineLoader"
        >
          <div
            class="MuiCircularProgress-root MuiCircularProgress-indeterminate"
            role="progressbar"
            style="width: 40px; height: 40px;"
          >
            <svg
              class="MuiCircularProgress-svg"
              viewBox="22 22 44 44"
            >
              <circle
                class="MuiCircularProgress-circle MuiCircularProgress-circleIndeterminate"
                cx="44"
                cy="44"
                fill="none"
                r="20.2"
                stroke-width="3.6"
              />
            </svg>
          </div>
        </div>
      </div>
      <div
        class="sc-fzpmMD bMrmBP leaflet-container leaflet-grab leaflet-touch-drag"
        style="position: relative;"
        tabindex="0"
      >
        <div
          class="leaflet-pane leaflet-map-pane"
          style="left: 0px; top: 0px;"
        >
          <div
            class="leaflet-pane leaflet-tile-pane"
          >
            <div
              class="leaflet-layer "
              style="z-index: 1;"
            >
              <div
                class="leaflet-tile-container leaflet-zoom-animated"
                style="z-index: 18; left: 0px; top: 0px;"
              >
                <img
                  alt=""
                  class="leaflet-tile"
                  role="presentation"
                  src="https://maps.wikimedia.org/osm-intl/6/31/31.png"
                  style="width: 256px; height: 256px; left: -256px; top: -256px;"
                />
                <img
                  alt=""
                  class="leaflet-tile"
                  role="presentation"
                  src="https://maps.wikimedia.org/osm-intl/6/32/31.png"
                  style="width: 256px; height: 256px; left: 0px; top: -256px;"
                />
                <img
                  alt=""
                  class="leaflet-tile"
                  role="presentation"
                  src="https://maps.wikimedia.org/osm-intl/6/31/32.png"
                  style="width: 256px; height: 256px; left: -256px; top: 0px;"
                />
                <img
                  alt=""
                  class="leaflet-tile"
                  role="presentation"
                  src="https://maps.wikimedia.org/osm-intl/6/32/32.png"
                  style="width: 256px; height: 256px; left: 0px; top: 0px;"
                />
              </div>
            </div>
          </div>
          <div
            class="leaflet-pane leaflet-shadow-pane"
          >
            <img
              alt=""
              class="leaflet-marker-shadow leaflet-zoom-hide"
              src="marker-shadow.png"
              style="margin-left: -12px; margin-top: -41px; width: 41px; height: 41px; left: 0px; top: 0px;"
            />
          </div>
          <div
            class="leaflet-pane leaflet-overlay-pane"
          />
          <div
            class="leaflet-pane leaflet-marker-pane"
          >
            <img
              alt=""
              class="leaflet-marker-icon leaflet-zoom-hide leaflet-interactive"
              src="marker-icon.png"
              style="margin-left: -12px; margin-top: -41px; width: 25px; height: 41px; left: 0px; top: 0px; z-index: 0;"
              tabindex="0"
            />
          </div>
          <div
            class="leaflet-pane leaflet-tooltip-pane"
          />
          <div
            class="leaflet-pane leaflet-popup-pane"
          />
        </div>
        <div
          class="leaflet-control-container"
        >
          <div
            class="leaflet-top leaflet-left"
          />
          <div
            class="leaflet-top leaflet-right"
          />
          <div
            class="leaflet-bottom leaflet-left"
          />
          <div
            class="leaflet-bottom leaflet-right"
          >
            <div
              class="leaflet-control-attribution leaflet-control"
            >
              <a
                href="https://leafletjs.com"
                title="A JS library for interactive maps"
              >
                Leaflet
              </a>
               | © 
              <a
                href="http://osm.org/copyright"
              >
                OpenStreetMap
              </a>
               contributors
            </div>
          </div>
        </div>
      </div>
      <div
        class="sc-AxhUy laGaXi"
        data-testid="ClickIndicator"
      >
        <svg
          aria-hidden="true"
          class="MuiSvgIcon-root sc-AxgMl eAPdQb"
          data-testid="SwipeIndicatorInnerUp"
          focusable="false"
          viewBox="0 0 24 24"
        >
          <path
            d="M7 14l5-5 5 5z"
          />
        </svg>
      </div>
      <div
        class="sc-AxiKw boTYJG"
        data-testid="drawer"
      >
        <div
          class="sc-AxirZ evChcC"
          data-testid="handleBar"
        >
          <div
            class="sc-AxhCb gvnvGs"
            data-testid="swipeIndicator"
          >
            <svg
              aria-hidden="true"
              class="MuiSvgIcon-root sc-AxgMl eAPdQb"
              data-testid="SwipeIndicatorInner"
              focusable="false"
              viewBox="0 0 24 24"
            >
              <path
                d="M7 14l5-5 5 5z"
              />
            </svg>
          </div>
        </div>
        <div
          class="PrivateSwipeArea-root-5 PrivateSwipeArea-anchorBottom-9"
          style="height: 20px;"
        />
      </div>
    </div>
  </div>,
  "debug": [Function],
  "findAllByAltText": [Function],
  "findAllByDisplayValue": [Function],
  "findAllByLabelText": [Function],
  "findAllByPlaceholderText": [Function],
  "findAllByRole": [Function],
  "findAllByTestId": [Function],
  "findAllByText": [Function],
  "findAllByTitle": [Function],
  "findByAltText": [Function],
  "findByDisplayValue": [Function],
  "findByLabelText": [Function],
  "findByPlaceholderText": [Function],
  "findByRole": [Function],
  "findByTestId": [Function],
  "findByText": [Function],
  "findByTitle": [Function],
  "getAllByAltText": [Function],
  "getAllByDisplayValue": [Function],
  "getAllByLabelText": [Function],
  "getAllByPlaceholderText": [Function],
  "getAllByRole": [Function],
  "getAllByTestId": [Function],
  "getAllByText": [Function],
  "getAllByTitle": [Function],
  "getByAltText": [Function],
  "getByDisplayValue": [Function],
  "getByLabelText": [Function],
  "getByPlaceholderText": [Function],
  "getByRole": [Function],
  "getByTestId": [Function],
  "getByText": [Function],
  "getByTitle": [Function],
  "queryAllByAltText": [Function],
  "queryAllByDisplayValue": [Function],
  "queryAllByLabelText": [Function],
  "queryAllByPlaceholderText": [Function],
  "queryAllByRole": [Function],
  "queryAllByTestId": [Function],
  "queryAllByText": [Function],
  "queryAllByTitle": [Function],
  "queryByAltText": [Function],
  "queryByDisplayValue": [Function],
  "queryByLabelText": [Function],
  "queryByPlaceholderText": [Function],
  "queryByRole": [Function],
  "queryByTestId": [Function],
  "queryByText": [Function],
  "queryByTitle": [Function],
  "rerender": [Function],
  "unmount": [Function],
}
`;
